AR dimezzaclock comportamento "D:/Diseno Digital Avanzado/Proyectos/Xilinx/Otras personas/Arkanoid/dimezzaClockVHD.vhd" sub00/vhpl03 1411850691
EN dimezzaclock NULL "D:/Diseno Digital Avanzado/Proyectos/Xilinx/Otras personas/Arkanoid/dimezzaClockVHD.vhd" sub00/vhpl02 1411850690
EN myarkanoidvhdl NULL "D:/Diseno Digital Avanzado/Proyectos/Xilinx/Otras personas/Arkanoid/myArkanoidVHD.vhd" sub00/vhpl00 1411850692
EN diagram NULL "D:/Diseno Digital Avanzado/Proyectos/Xilinx/Otras personas/Arkanoid/Diagram.vhf" sub00/vhpl04 1411850694
AR myarkanoidvhdl behavior "D:/Diseno Digital Avanzado/Proyectos/Xilinx/Otras personas/Arkanoid/myArkanoidVHD.vhd" sub00/vhpl01 1411850693
AR diagram behavioral "D:/Diseno Digital Avanzado/Proyectos/Xilinx/Otras personas/Arkanoid/Diagram.vhf" sub00/vhpl05 1411850695
